Microchip MPLAB XC8 Compiler V1.44 ()

Linker command line:

-W-3 --edf=/Applications/microchip/xc8/v1.44/dat/en_msgs.txt -pivt0x8=08h \
  -cs -h+dist/default/debug/bus.X.debug.sym \
  --cmf=dist/default/debug/bus.X.debug.cmf -z -Q18F26K83 -o/tmp/xcRmrgmAd \
  -Mdist/default/debug/bus.X.debug.map -E1 -ver=XC8 -ASTACK=060h-0fffh \
  -pstack=STACK -ACODE=00h-0FFFFh -ACONST=00h-0FFFFh \
  -ASMALLCONST=01000h-010FFhx240 -AMEDIUMCONST=01000h-0FFFFh \
  -ACOMRAM=01h-05Fh -AABS1=00h-0FFFh -ABIGRAM=01h-0FFFh \
  -ARAM=060h-0FFh,0100h-01FFhx15 -ABANK0=060h-0FFh -ABANK1=0100h-01FFh \
  -ABANK2=0200h-02FFh -ABANK3=0300h-03FFh -ABANK4=0400h-04FFh \
  -ABANK5=0500h-05FFh -ABANK6=0600h-06FFh -ABANK7=0700h-07FFh \
  -ABANK8=0800h-08FFh -ABANK9=0900h-09FFh -ABANK10=0A00h-0AFFh \
  -ABANK11=0B00h-0BFFh -ABANK12=0C00h-0CFFh -ABANK13=0D00h-0DFFh \
  -ABANK14=0E00h-0EFFh -ABANK15=0F00h-0FFFh \
  -ASFR=03700h-037FFhx8,03F00h-03F5Fh,03F60h-03FFFh -preset_vec=00h \
  -ppowerup=CODE,init -pramtop=01000h -psmallconst=SMALLCONST \
  -pmediumconst=MEDIUMCONST -pconst=CONST -AFARRAM=00h-00h \
  -ACONFIG=0300000h-0300009h -pconfig=CONFIG -AIDLOC=0200000h-020000Fh \
  -pidloc=IDLOC -AEEDATA=0310000h-03103FFh -peeprom_data=EEDATA \
  -prdata=COMRAM,nvrram=COMRAM,nvbit=COMRAM,rbss=COMRAM,rbit=COMRAM \
  -pfarbss=FARRAM,fardata=FARRAM,nvFARRAM=FARRAM \
  -pintsave_regs=BIGRAM,bigbss=BIGRAM,bigdata=BIGRAM -pbss=RAM \
  -pidata=CODE,irdata=CODE,ibigdata=CODE,ifardata=CODE -prparam=COMRAM \
  /tmp/xcfMz7Qn5.obj dist/default/debug/bus.X.debug.obj 

Object code version is 3.11

Machine type is 18F26K83

Call graph: (short form)




                Name                               Link     Load   Length Selector   Space Scale
/tmp/xcfMz7Qn5.obj
                init                                 1A       1A        4        4       0
                reset_vec                             0        0        6        0       0
                idloc                            200000   200000       10   200000       0
                config                           300000   300000        A   300000       0
dist/default/debug/bus.X.debug.obj
                ivt0x8                                8        8       12        4       0
                text3                               138      138        2        4       0
                text2                                1E       1E       A2        4       0
                text1                                F6       F6       30        4       0
                text0                                C0       C0       36        4       0
                cstackCOMRAM                          1        1        3        1       1
                cinit                               126      126       12        4       0

TOTAL           Name                               Link     Load   Length     Space
        CLASS   STACK          

        CLASS   CODE           
                init                                 1A       1A        4         0
                reset_vec                             0        0        6         0
                ivt0x8                                8        8       12         0
                text3                               138      138        2         0
                text2                                1E       1E       A2         0
                text1                                F6       F6       30         0
                text0                                C0       C0       36         0
                cinit                               126      126       12         0

        CLASS   CONST          

        CLASS   SMALLCONST     

        CLASS   MEDIUMCONST    

        CLASS   COMRAM         
                cstackCOMRAM                          1        1        3         1

        CLASS   ABS1           

        CLASS   BIGRAM         

        CLASS   RAM            

        CLASS   BANK0          

        CLASS   BANK1          

        CLASS   BANK2          

        CLASS   BANK3          

        CLASS   BANK4          

        CLASS   BANK5          

        CLASS   BANK6          

        CLASS   BANK7          

        CLASS   BANK8          

        CLASS   BANK9          

        CLASS   BANK10         

        CLASS   BANK11         

        CLASS   BANK12         

        CLASS   BANK13         

        CLASS   BANK14         

        CLASS   BANK15         

        CLASS   SFR            

        CLASS   FARRAM         

        CLASS   CONFIG         
                config                           300000   300000        A         0

        CLASS   IDLOC          
                idloc                            200000   200000       10         0

        CLASS   EEDATA         



SEGMENTS        Name                           Load    Length   Top    Selector   Space  Class

                reset_vec                      000000  000006  000006         0       0  CODE    
                cstackCOMRAM                   000001  000003  000004         1       1  COMRAM  
                ivt0x8                         000008  000132  00013A         4       0  CODE    
                idloc                          200000  000010  200010    200000       0  IDLOC   
                config                         300000  00000A  30000A    300000       0  CONFIG  


UNUSED ADDRESS RANGES

        Name                Unused          Largest block    Delta
        BANK0            000060-0000FF               A0
        BANK1            000100-0001FF              100
        BANK10           000A00-000AFF              100
        BANK11           000B00-000BFF              100
        BANK12           000C00-000CFF              100
        BANK13           000D00-000DFF              100
        BANK14           000E00-000EFF              100
        BANK15           000F00-000FFF              100
        BANK2            000200-0002FF              100
        BANK3            000300-0003FF              100
        BANK4            000400-0004FF              100
        BANK5            000500-0005FF              100
        BANK6            000600-0006FF              100
        BANK7            000700-0007FF              100
        BANK8            000800-0008FF              100
        BANK9            000900-0009FF              100
        BIGRAM           000004-000FFF              FFC
        CODE             000006-000007                2
                         00013A-00FFFF             FEC6
        COMRAM           000004-00005F               5C
        CONST            000006-000007                2
                         00013A-00FFFF             FEC6
        EEDATA           310000-3103FF              400
        MEDIUMCONST      001000-00FFFF             F000
        RAM              000060-000FFF              100
        SFR              003700-003FFF              100
        SMALLCONST       001000-00FFFF              100
        STACK            000060-000FFF              FA0

                                  Symbol Table

IVTBASEH                   (abs)        003FD6
IVTBASEL                   (abs)        003FD5
IVTBASEU                   (abs)        003FD7
_ANSELC0                   (abs)        01D300
_ANSELC1                   (abs)        01D301
_BRGCON1bits               (abs)        003703
_BRGCON2bits               (abs)        003704
_BRGCON3bits               (abs)        003705
_CANCONbits                (abs)        003F8F
_CANRXPPS                  (abs)        003AED
_CANSTATbits               (abs)        003F8E
_CIOCONbits                (abs)        003700
_ECANCONbits               (abs)        003F91
_INTCON0bits               (abs)        003FD2
_LATC0                     (abs)        01FDE0
_ODCC0                     (abs)        01D310
_PIE5bits                  (abs)        003995
_RC0PPS                    (abs)        003A10
_RXM0SIDH                  (abs)        0037B8
_RXM0SIDL                  (abs)        0037B9
_RXM1SIDH                  (abs)        0037BC
_RXM1SIDL                  (abs)        0037BD
_TRISC0                    (abs)        01FE20
_TRISC1                    (abs)        01FE21
_TXB0CONbits               (abs)        0037E0
_TXB0D0                    (abs)        0037E6
_TXB0D1                    (abs)        0037E7
_TXB0D2                    (abs)        0037E8
_TXB0D3                    (abs)        0037E9
_TXB0DLCbits               (abs)        0037E5
_TXB0SIDH                  (abs)        0037E1
_TXB0SIDL                  (abs)        0037E2
__CFG_BBEN$OFF             (abs)        000000
__CFG_BBSIZE$BBSIZE_512    (abs)        000000
__CFG_BOREN$SBORDIS        (abs)        000000
__CFG_BORV$VBOR_2P45       (abs)        000000
__CFG_CLKOUTEN$ON          (abs)        000000
__CFG_CP$OFF               (abs)        000000
__CFG_CSWEN$ON             (abs)        000000
__CFG_DEBUG$OFF            (abs)        000000
__CFG_FCMEN$ON             (abs)        000000
__CFG_FEXTOSC$OFF          (abs)        000000
__CFG_IVT1WAY$ON           (abs)        000000
__CFG_LPBOREN$OFF          (abs)        000000
__CFG_LVP$ON               (abs)        000000
__CFG_MCLRE$EXTMCLR        (abs)        000000
__CFG_MVECEN$OFF           (abs)        000000
__CFG_PPS1WAY$ON           (abs)        000000
__CFG_PR1WAY$ON            (abs)        000000
__CFG_PWRTS$PWRT_OFF       (abs)        000000
__CFG_RSTOSC$HFINTOSC_1MHZ (abs)        000000
__CFG_SAFEN$OFF            (abs)        000000
__CFG_STVREN$ON            (abs)        000000
__CFG_WDTCCS$SC            (abs)        000000
__CFG_WDTCPS$WDTCPS_31     (abs)        000000
__CFG_WDTCWS$WDTCWS_7      (abs)        000000
__CFG_WDTE$OFF             (abs)        000000
__CFG_WRTAPP$OFF           (abs)        000000
__CFG_WRTB$OFF             (abs)        000000
__CFG_WRTC$OFF             (abs)        000000
__CFG_WRTD$OFF             (abs)        000000
__CFG_WRTSAF$OFF           (abs)        000000
__CFG_XINST$OFF            (abs)        000000
__CFG_ZCD$OFF              (abs)        000000
__HRAM                     (abs)        000000
__Habs1                    abs1         000000
__Hbank0                   bank0        000000
__Hbank1                   bank1        000000
__Hbank10                  bank10       000000
__Hbank11                  bank11       000000
__Hbank12                  bank12       000000
__Hbank13                  bank13       000000
__Hbank14                  bank14       000000
__Hbank15                  bank15       000000
__Hbank2                   bank2        000000
__Hbank3                   bank3        000000
__Hbank4                   bank4        000000
__Hbank5                   bank5        000000
__Hbank6                   bank6        000000
__Hbank7                   bank7        000000
__Hbank8                   bank8        000000
__Hbank9                   bank9        000000
__Hbigbss                  bigbss       000000
__Hbigdata                 bigdata      000000
__Hbigram                  bigram       000000
__Hbss                     bss          000000
__Hcinit                   cinit        000000
__Hclrtext                 clrtext      000000
__Hcomram                  comram       000000
__Hconfig                  config       30000A
__Hconst                   const        000000
__HcstackCOMRAM            cstackCOMRAM 000000
__Hdata                    data         000000
__Heeprom_data             eeprom_data  000000
__Hfarbss                  farbss       000000
__Hfardata                 fardata      000000
__Hibigdata                ibigdata     000000
__Hidata                   idata        000000
__Hidloc                   idloc        200010
__Hifardata                ifardata     000000
__Hinit                    init         00001E
__Hintsave_regs            intsave_regs 000000
__Hirdata                  irdata       000000
__Hivt0x8                  ivt0x8       00001A
__Hmediumconst             mediumconst  000000
__HnvFARRAM                nvFARRAM     000000
__Hnvbit                   nvbit        000000
__Hnvrram                  nvrram       000000
__Hparam                   rparam       000000
__Hpowerup                 powerup      000000
__Hram                     ram          000000
__Hramtop                  ramtop       001000
__Hrbit                    rbit         000000
__Hrbss                    rbss         000000
__Hrdata                   rdata        000000
__Hreset_vec               reset_vec    000006
__Hrparam                  rparam       000000
__Hsfr                     sfr          000000
__Hsmallconst              smallconst   000000
__Hspace_0                 (abs)        30000A
__Hspace_1                 (abs)        000004
__Hspace_2                 (abs)        000000
__Hstack                   stack        000000
__Hstruct                  struct       000000
__Htemp                    temp         000000
__Htext                    text         000000
__Htext0                   text0        000000
__Htext1                   text1        000000
__Htext2                   text2        000000
__Htext3                   text3        000000
__LRAM                     (abs)        000001
__Labs1                    abs1         000000
__Lbank0                   bank0        000000
__Lbank1                   bank1        000000
__Lbank10                  bank10       000000
__Lbank11                  bank11       000000
__Lbank12                  bank12       000000
__Lbank13                  bank13       000000
__Lbank14                  bank14       000000
__Lbank15                  bank15       000000
__Lbank2                   bank2        000000
__Lbank3                   bank3        000000
__Lbank4                   bank4        000000
__Lbank5                   bank5        000000
__Lbank6                   bank6        000000
__Lbank7                   bank7        000000
__Lbank8                   bank8        000000
__Lbank9                   bank9        000000
__Lbigbss                  bigbss       000000
__Lbigdata                 bigdata      000000
__Lbigram                  bigram       000000
__Lbss                     bss          000000
__Lcinit                   cinit        000000
__Lclrtext                 clrtext      000000
__Lcomram                  comram       000000
__Lconfig                  config       300000
__Lconst                   const        000000
__LcstackCOMRAM            cstackCOMRAM 000000
__Ldata                    data         000000
__Leeprom_data             eeprom_data  000000
__Lfarbss                  farbss       000000
__Lfardata                 fardata      000000
__Libigdata                ibigdata     000000
__Lidata                   idata        000000
__Lidloc                   idloc        200000
__Lifardata                ifardata     000000
__Linit                    init         00001A
__Lintsave_regs            intsave_regs 000000
__Lirdata                  irdata       000000
__Livt0x8                  ivt0x8       000008
__Lmediumconst             mediumconst  000000
__LnvFARRAM                nvFARRAM     000000
__Lnvbit                   nvbit        000000
__Lnvrram                  nvrram       000000
__Lparam                   rparam       000000
__Lpowerup                 powerup      000000
__Lram                     ram          000000
__Lramtop                  ramtop       001000
__Lrbit                    rbit         000000
__Lrbss                    rbss         000000
__Lrdata                   rdata        000000
__Lreset_vec               reset_vec    000000
__Lrparam                  rparam       000000
__Lsfr                     sfr          000000
__Lsmallconst              smallconst   000000
__Lspace_0                 (abs)        000000
__Lspace_1                 (abs)        000000
__Lspace_2                 (abs)        000000
__Lstack                   stack        000000
__Lstruct                  struct       000000
__Ltemp                    temp         000000
__Ltext                    text         000000
__Ltext0                   text0        000000
__Ltext1                   text1        000000
__Ltext2                   text2        000000
__Ltext3                   text3        000000
__S0                       (abs)        30000A
__S1                       (abs)        000004
__S2                       (abs)        000000
___inthi_sp                stack        000000
___intlo_sp                stack        000000
___param_bank              (abs)        000000
___rparam_used             (abs)        000001
___sp                      stack        000000
__accesstop                (abs)        000060
__activetblptr             (abs)        000000
__end_of__initialization   cinit        000132
__end_of_can_init          text2        0000C0
__end_of_can_send          text1        000126
__end_of_fuck_everything   text3        00013A
__end_of_main              text0        0000F6
__initialization           cinit        000126
__mediumconst              mediumconst  000000
__pcinit                   cinit        000126
__pcstackCOMRAM            cstackCOMRAM 000001
__pivt0x8                  ivt0x8       000008
__ptext0                   text0        0000C0
__ptext1                   text1        0000F6
__ptext2                   text2        00001E
__ptext3                   text3        000138
__ramtop                   ramtop       001000
__size_of_can_init         (abs)        000000
__size_of_can_send         (abs)        000000
__size_of_fuck_everything  (abs)        000000
__size_of_main             (abs)        000000
__smallconst               smallconst   000000
_can_init                  text2        00001E
_can_send                  text1        0000F6
_fuck_everything           text3        000138
_main                      text0        0000C0
end_of_initialization      cinit        000132
intlevel0                  text         000000
intlevel1                  text         000000
intlevel2                  text         000000
intlevel3                  text         000000
ivt0x8_base                ivt0x8       000008
stackhi                    (abs)        000FFF
stacklo                    (abs)        000060
start                      init         00001A
start_initialization       cinit        000126


FUNCTION INFORMATION:

 *************** function _main *****************
 Defined at:
		line 95 in file "src/main.c"
 Parameters:    Size  Location     Type
		None
 Auto vars:     Size  Location     Type
		None
 Return value:  Size  Location     Type
                  1    wreg      void 
 Registers used:
		wreg, status,2, status,0, cstack
 Tracked objects:
		On entry : 
		On exit  : 
		Unchanged: 
 Data sizes:     COMRAM   BANK0   BANK1   BANK2   BANK3   BANK4   BANK5   BANK6   BANK7   BANK8   BANK9  BANK10  BANK11  BANK12  BANK13  BANK14  BANK15
      Params:         0       0       0       0       0       0       0       0       0       0       0       0       0       0       0       0       0
      Locals:         0       0       0       0       0       0       0       0       0       0       0       0       0       0       0       0       0
      Temps:          2       0       0       0       0       0       0       0       0       0       0       0       0       0       0       0       0
      Totals:         2       0       0       0       0       0       0       0       0       0       0       0       0       0       0       0       0
Total ram usage:        2 bytes
 Hardware stack levels required when called:    2
 This function calls:
		_can_init
		_can_send
 This function is called by:
		Startup code after reset
 This function uses a non-reentrant model


 *************** function _can_send *****************
 Defined at:
		line 70 in file "src/main.c"
 Parameters:    Size  Location     Type
		None
 Auto vars:     Size  Location     Type
		None
 Return value:  Size  Location     Type
                  1    wreg      void 
 Registers used:
		wreg, status,2
 Tracked objects:
		On entry : 
		On exit  : 
		Unchanged: 
 Data sizes:     COMRAM   BANK0   BANK1   BANK2   BANK3   BANK4   BANK5   BANK6   BANK7   BANK8   BANK9  BANK10  BANK11  BANK12  BANK13  BANK14  BANK15
      Params:         0       0       0       0       0       0       0       0       0       0       0       0       0       0       0       0       0
      Locals:         0       0       0       0       0       0       0       0       0       0       0       0       0       0       0       0       0
      Temps:          0       0       0       0       0       0       0       0       0       0       0       0       0       0       0       0       0
      Totals:         0       0       0       0       0       0       0       0       0       0       0       0       0       0       0       0       0
Total ram usage:        0 bytes
 Hardware stack levels used:    1
 Hardware stack levels required when called:    1
 This function calls:
		Nothing
 This function is called by:
		_main
 This function uses a non-reentrant model


 *************** function _can_init *****************
 Defined at:
		line 4 in file "src/main.c"
 Parameters:    Size  Location     Type
		None
 Auto vars:     Size  Location     Type
		None
 Return value:  Size  Location     Type
                  1    wreg      void 
 Registers used:
		wreg, status,2, status,0
 Tracked objects:
		On entry : 
		On exit  : 
		Unchanged: 
 Data sizes:     COMRAM   BANK0   BANK1   BANK2   BANK3   BANK4   BANK5   BANK6   BANK7   BANK8   BANK9  BANK10  BANK11  BANK12  BANK13  BANK14  BANK15
      Params:         0       0       0       0       0       0       0       0       0       0       0       0       0       0       0       0       0
      Locals:         0       0       0       0       0       0       0       0       0       0       0       0       0       0       0       0       0
      Temps:          1       0       0       0       0       0       0       0       0       0       0       0       0       0       0       0       0
      Totals:         1       0       0       0       0       0       0       0       0       0       0       0       0       0       0       0       0
Total ram usage:        1 bytes
 Hardware stack levels used:    1
 Hardware stack levels required when called:    1
 This function calls:
		Nothing
 This function is called by:
		_main
 This function uses a non-reentrant model


 *************** function _fuck_everything *****************
 Defined at:
		line 91 in file "src/main.c"
 Parameters:    Size  Location     Type
		None
 Auto vars:     Size  Location     Type
		None
 Return value:  Size  Location     Type
                  1    wreg      void 
 Registers used:
		None
 Tracked objects:
		On entry : 
		On exit  : 
		Unchanged: 
 Data sizes:     COMRAM   BANK0   BANK1   BANK2   BANK3   BANK4   BANK5   BANK6   BANK7   BANK8   BANK9  BANK10  BANK11  BANK12  BANK13  BANK14  BANK15
      Params:         0       0       0       0       0       0       0       0       0       0       0       0       0       0       0       0       0
      Locals:         0       0       0       0       0       0       0       0       0       0       0       0       0       0       0       0       0
      Temps:          0       0       0       0       0       0       0       0       0       0       0       0       0       0       0       0       0
      Totals:         0       0       0       0       0       0       0       0       0       0       0       0       0       0       0       0       0
Total ram usage:        0 bytes
 Hardware stack levels used:    1
 This function calls:
		Nothing
 This function is called by:
		Interrupt level 2
 This function uses a non-reentrant model



MODULE INFORMATION

Module		Function		Class		Link	Load	Size
src/main.c
		_can_init      		CODE           	001E	0000	163
		_main          		CODE           	00C0	0000	55
		_can_send      		CODE           	00F6	0000	49
		_fuck_everything		CODE           	0138	0000	3

src/main.c estimated size: 270

shared
		__initialization		CODE           	0126	0000	13

shared estimated size: 13

